<html>
<body>
<pre>
<h1>µVision Build Log</h1>
<h2>Tool Versions:</h2>
IDE-Version: ¦ÌVision V5.35.0.0
Copyright (C) 2021 ARM Ltd and ARM Germany GmbH. All rights reserved.
License Information:  ,  , LIC=QF82M-XE63R-56SQ2-9ZXDT-KWDZY-802VW
 
Tool Versions:
Toolchain:       MDK-ARM Plus  Version: 5.35.0.2
Toolchain Path:  d:\Keil_mdk\ARM\ARMCLANG\Bin
C Compiler:      ArmClang.exe V6.16
Assembler:       Armasm.exe V6.16
Linker/Locator:  ArmLink.exe V6.16
Library Manager: ArmAr.exe V6.16
Hex Converter:   FromElf.exe V6.16
CPU DLL:         SARMCM3.DLL V5.35.0.2
Dialog DLL:      DARMCM1.DLL V1.19.4.0
Target DLL:      Segger\JL2CM3.dll V2.99.40.0
Dialog DLL:      TARMCM1.DLL V1.14.4.0
 
<h2>Project:</h2>
E:\Work_Dir\Project_2021\×ø±ãÆ÷\hc32l13x_ddl_Rev1.9.2 Lite_v1.0\example\gpio\gpio_output\MDK\gpio_output.uvprojx
Project File Date:  11/30/2021

<h2>Output:</h2>
*** Using Compiler 'V6.16', folder: 'd:\Keil_mdk\ARM\ARMCLANG\Bin'
Build target 'gpio_output_Release'
assembling startup_hc32l13x.s...
compiling main.c...
compiling system_hc32l13x.c...
compiling ddl.c...
compiling interrupts_hc32l13x.c...
compiling gpio.c...
compiling sysctrl.c...
linking...
Program Size: Code=1224 RO-data=224 RW-data=4 ZI-data=516  
FromELF: creating hex file...
".\output\release\gpio_output.axf" - 0 Error(s), 0 Warning(s).

<h2>Software Packages used:</h2>

Package Vendor: ARM
                http://www.keil.com/pack/ARM.CMSIS.5.8.0.pack
                ARM.CMSIS.5.8.0
                CMSIS (Common Microcontroller Software Interface Standard)
   * Component: CORE Version: 5.5.0

<h2>Collection of Component include folders:</h2>
  .\RTE\_gpio_output_Release
  d:\Keil_mdk\ARM\CMSIS\5.8.0\CMSIS\Core\Include
  d:\Keil_mdk\ARM\CMSIS\5.8.0\Device\ARM\ARMCM0plus\Include

<h2>Collection of Component Files used:</h2>

   * Component: ARM::CMSIS:CORE:5.5.0
Build Time Elapsed:  00:00:01
</pre>
</body>
</html>
