<html>
<body>
<pre>
<h1>µVision Build Log</h1>
<h2>Tool Versions:</h2>
IDE-Version: ¦ÌVision V5.35.0.0
Copyright (C) 2021 ARM Ltd and ARM Germany GmbH. All rights reserved.
License Information:  ,  , LIC=QF82M-XE63R-56SQ2-9ZXDT-KWDZY-802VW
 
Tool Versions:
Toolchain:       MDK-ARM Plus  Version: 5.35.0.2
Toolchain Path:  d:\Keil_mdk\ARM\ARMCLANG\Bin
C Compiler:      ArmClang.exe V6.16
Assembler:       Armasm.exe V6.16
Linker/Locator:  ArmLink.exe V6.16
Library Manager: ArmAr.exe V6.16
Hex Converter:   FromElf.exe V6.16
CPU DLL:         SARMCM3.DLL V5.35.0.2
Dialog DLL:      DARMCM1.DLL V1.19.4.0
Target DLL:      Segger\JL2CM3.dll V2.99.40.0
Dialog DLL:      TARMCM1.DLL V1.14.4.0
 
<h2>Project:</h2>
G:\hc32l13x_Rev1.9.2_v1.1\example\template\MDK\template.uvprojx
Project File Date:  12/03/2021

<h2>Output:</h2>
*** Using Compiler 'V6.16', folder: 'd:\Keil_mdk\ARM\ARMCLANG\Bin'
Rebuild target 'template_Release'
assembling startup_hc32l13x.s...
compiling system_hc32l13x.c...
compiling bsp_msg.c...
compiling interrupts_hc32l13x.c...
compiling bsp_pir.c...
compiling bsp_timer.c...
compiling bsp_uv.c...
compiling main.c...
compiling bsp_air.c...
compiling bsp_water.c...
compiling bsp_motor.c...
compiling bsp_limiter.c...
compiling bsp_ctrl.c...
compiling bsp_debug.c...
compiling ddl.c...
compiling bsp_wifi.c...
compiling sysctrl.c...
compiling uart.c...
compiling wdt.c...
compiling gpio.c...
compiling bt.c...
compiling flash.c...
compiling SEGGER_RTT_printf.c...
compiling SEGGER_RTT.c...
compiling adt.c...
linking...
Program Size: Code=10580 RO-data=300 RW-data=12 ZI-data=732  
FromELF: creating hex file...
".\output\release\template.axf" - 0 Error(s), 0 Warning(s).

<h2>Software Packages used:</h2>

Package Vendor: ARM
                http://www.keil.com/pack/ARM.CMSIS.5.8.0.pack
                ARM.CMSIS.5.8.0
                CMSIS (Common Microcontroller Software Interface Standard)
   * Component: CORE Version: 5.5.0

Package Vendor: HDSC
                https://raw.githubusercontent.com/hdscmcu/pack/master/HDSC.HC32L130.1.0.1.pack
                HDSC.HC32L130.1.0.1
                HC32L130 ARM Cortex-M0+ Device Family Pack

<h2>Collection of Component include folders:</h2>
  .\RTE\_template_Release
  d:\Keil_mdk\ARM\CMSIS\5.8.0\CMSIS\Core\Include
  d:\Keil_mdk\HDSC\HC32L130\1.0.1\Device\Include

<h2>Collection of Component Files used:</h2>

   * Component: ARM::CMSIS:CORE:5.5.0
Build Time Elapsed:  00:00:01
</pre>
</body>
</html>
