<html>
<body>
<pre>
<h1>µVision Build Log</h1>
<h2>Tool Versions:</h2>
IDE-Version: ¶ÃVision V5.35.0.0
Copyright (C) 2021 ARM Ltd and ARM Germany GmbH. All rights reserved.
License Information:  ,  , LIC=QF82M-XE63R-56SQ2-9ZXDT-KWDZY-802VW
 
Tool Versions:
Toolchain:       MDK-ARM Plus  Version: 5.35.0.2
Toolchain Path:  d:\Keil_mdk\ARM\ARMCLANG\Bin
C Compiler:      ArmClang.exe V6.16
Assembler:       Armasm.exe V6.16
Linker/Locator:  ArmLink.exe V6.16
Library Manager: ArmAr.exe V6.16
Hex Converter:   FromElf.exe V6.16
CPU DLL:         SARMCM3.DLL V5.35.0.2
Dialog DLL:      DARMCM1.DLL V1.19.4.0
Target DLL:      Segger\JL2CM3.dll V2.99.40.0
Dialog DLL:      TARMCM1.DLL V1.14.4.0
 
<h2>Project:</h2>
F:\π»∏Ëœ¬‘ÿ\hc32l13x_ddl_Rev1.9.2 Lite\hc32l13x_ddl_Rev1.9.2 Lite\example\lcd\lcd_mode\MDK\lcd_mode.uvprojx
Project File Date:  09/18/2021

<h2>Output:</h2>
*** Using Compiler 'V6.16', folder: 'd:\Keil_mdk\ARM\ARMCLANG\Bin'
Rebuild target 'lcd_mode_Release'
assembling startup_hc32l13x.s...
compiling system_hc32l13x.c...
compiling main.c...
compiling lpm.c...
compiling interrupts_hc32l13x.c...
compiling lcd.c...
compiling ddl.c...
compiling sysctrl.c...
compiling gpio.c...
linking...
Program Size: Code=2022 RO-data=234 RW-data=4 ZI-data=524  
FromELF: creating hex file...
".\output\release\lcd_mode.axf" - 0 Error(s), 0 Warning(s).

<h2>Software Packages used:</h2>

Package Vendor: ARM
                http://www.keil.com/pack/ARM.CMSIS.5.8.0.pack
                ARM.CMSIS.5.8.0
                CMSIS (Common Microcontroller Software Interface Standard)
   * Component: CORE Version: 5.5.0

Package Vendor: HDSC
                https://raw.githubusercontent.com/hdscmcu/pack/master/HDSC.HC32L136.1.0.1.pack
                HDSC.HC32L136.1.0.1
                HC32L136 ARM Cortex-M0+ Device Family Pack

<h2>Collection of Component include folders:</h2>
  .\RTE\_lcd_mode_Release
  d:\Keil_mdk\ARM\CMSIS\5.8.0\CMSIS\Core\Include
  d:\Keil_mdk\HDSC\HC32L136\1.0.1\Device\Include

<h2>Collection of Component Files used:</h2>

   * Component: ARM::CMSIS:CORE:5.5.0
Build Time Elapsed:  00:00:01
</pre>
</body>
</html>
